[25-Oct-2024 04:39:11 UTC] PHP Warning:  Trying to access array offset on value of type bool in /var/www/html/sankaqua2/wp-content/themes/hnice/inc/elementor/widgets/breadcrumb.php on line 246
[25-Oct-2024 04:39:21 UTC] PHP Warning:  Trying to access array offset on value of type bool in /var/www/html/sankaqua2/wp-content/themes/hnice/inc/elementor/widgets/breadcrumb.php on line 246
[25-Oct-2024 04:42:16 UTC] PHP Warning:  Trying to access array offset on value of type bool in /var/www/html/sankaqua2/wp-content/themes/hnice/inc/elementor/widgets/breadcrumb.php on line 246
[25-Oct-2024 04:42:32 UTC] PHP Warning:  Trying to access array offset on value of type bool in /var/www/html/sankaqua2/wp-content/themes/hnice/inc/elementor/widgets/breadcrumb.php on line 246
[25-Oct-2024 04:42:55 UTC] PHP Warning:  Trying to access array offset on value of type bool in /var/www/html/sankaqua2/wp-content/themes/hnice/inc/elementor/widgets/breadcrumb.php on line 246
[25-Oct-2024 04:43:17 UTC] PHP Warning:  Trying to access array offset on value of type bool in /var/www/html/sankaqua2/wp-content/themes/hnice/inc/elementor/widgets/breadcrumb.php on line 246
[25-Oct-2024 04:46:23 UTC] PHP Warning:  imagepng(/var/www/html/sankaqua2/wp-content/uploads/elementor/thumbs/logo-SANKAQUA-qw2a3d4a2jszkdufps9yg58cp92dbgaiagv3k4ht1g.png): Failed to open stream: Permission denied in /var/www/html/sankaqua2/wp-includes/class-wp-image-editor.php on line 592
[25-Oct-2024 04:46:23 UTC] PHP Warning:  Trying to access array offset on value of type bool in /var/www/html/sankaqua2/wp-content/themes/hnice/inc/elementor/widgets/breadcrumb.php on line 246
[25-Oct-2024 04:46:25 UTC] PHP Warning:  imagepng(/var/www/html/sankaqua2/wp-content/uploads/elementor/thumbs/logo-SANKAQUA-qw2a3d4a2jszkdufps9yg58cp92dbgaiagv3k4ht1g.png): Failed to open stream: Permission denied in /var/www/html/sankaqua2/wp-includes/class-wp-image-editor.php on line 592
[25-Oct-2024 04:46:25 UTC] PHP Warning:  imagepng(/var/www/html/sankaqua2/wp-content/uploads/elementor/thumbs/logo-SANKAQUA-qw2a3d4a2jszkdufps9yg58cp92dbgaiagv3k4ht1g.png): Failed to open stream: Permission denied in /var/www/html/sankaqua2/wp-includes/class-wp-image-editor.php on line 592
[25-Oct-2024 04:46:26 UTC] PHP Warning:  imagepng(/var/www/html/sankaqua2/wp-content/uploads/elementor/thumbs/logo-SANKAQUA-qw2a3d4a2jszkdufps9yg58cp92dbgaiagv3k4ht1g.png): Failed to open stream: Permission denied in /var/www/html/sankaqua2/wp-includes/class-wp-image-editor.php on line 592
[25-Oct-2024 04:46:27 UTC] PHP Warning:  imagepng(/var/www/html/sankaqua2/wp-content/uploads/elementor/thumbs/logo-SANKAQUA-qw2a3d4a2jszkdufps9yg58cp92dbgaiagv3k4ht1g.png): Failed to open stream: Permission denied in /var/www/html/sankaqua2/wp-includes/class-wp-image-editor.php on line 592
[25-Oct-2024 04:46:59 UTC] PHP Deprecated:  Hàm print_emoji_styles hiện tại không dùng nữa từ phiên bản 6.4.0! Sử dụng wp_enqueue_emoji_styles để thay thế. in /var/www/html/sankaqua2/wp-includes/functions.php on line 6078
[25-Oct-2024 04:47:02 UTC] PHP Warning:  imagepng(/var/www/html/sankaqua2/wp-content/uploads/elementor/thumbs/logo-SANKAQUA-qw2a3d4a2jszkdufps9yg58cp92dbgaiagv3k4ht1g.png): Failed to open stream: Permission denied in /var/www/html/sankaqua2/wp-includes/class-wp-image-editor.php on line 592
[25-Oct-2024 04:47:10 UTC] PHP Warning:  imagepng(/var/www/html/sankaqua2/wp-content/uploads/elementor/thumbs/logo-SANKAQUA-qw2a3d4a2jszkdufps9yg58cp92dbgaiagv3k4ht1g.png): Failed to open stream: Permission denied in /var/www/html/sankaqua2/wp-includes/class-wp-image-editor.php on line 592
[25-Oct-2024 04:47:11 UTC] PHP Warning:  imagepng(/var/www/html/sankaqua2/wp-content/uploads/elementor/thumbs/logo-SANKAQUA-qw2a3d4a2jszkdufps9yg58cp92dbgaiagv3k4ht1g.png): Failed to open stream: Permission denied in /var/www/html/sankaqua2/wp-includes/class-wp-image-editor.php on line 592
[25-Oct-2024 04:47:23 UTC] PHP Warning:  imagepng(/var/www/html/sankaqua2/wp-content/uploads/elementor/thumbs/logo-SANKAQUA-qw2a3d4a2jszkdufps9yg58cp92dbgaiagv3k4ht1g.png): Failed to open stream: Permission denied in /var/www/html/sankaqua2/wp-includes/class-wp-image-editor.php on line 592
[25-Oct-2024 04:47:23 UTC] PHP Warning:  imagepng(/var/www/html/sankaqua2/wp-content/uploads/elementor/thumbs/logo-SANKAQUA-qw2a3d4a2jszkdufps9yg58cp92dbgaiagv3k4ht1g.png): Failed to open stream: Permission denied in /var/www/html/sankaqua2/wp-includes/class-wp-image-editor.php on line 592
[25-Oct-2024 04:47:24 UTC] PHP Warning:  imagepng(/var/www/html/sankaqua2/wp-content/uploads/elementor/thumbs/logo-SANKAQUA-qw2a3d4a2jszkdufps9yg58cp92dbgaiagv3k4ht1g.png): Failed to open stream: Permission denied in /var/www/html/sankaqua2/wp-includes/class-wp-image-editor.php on line 592
[25-Oct-2024 04:47:33 UTC] PHP Warning:  imagepng(/var/www/html/sankaqua2/wp-content/uploads/elementor/thumbs/logo-SANKAQUA-qw2a3d4a2jszkdufps9yg58cp92dbgaiagv3k4ht1g.png): Failed to open stream: Permission denied in /var/www/html/sankaqua2/wp-includes/class-wp-image-editor.php on line 592
[25-Oct-2024 04:47:33 UTC] PHP Warning:  unlink(/var/www/html/sankaqua2/wp-content/uploads/elementor/css/post-71.css): Permission denied in /var/www/html/sankaqua2/wp-content/plugins/elementor/core/files/base.php on line 203
[25-Oct-2024 04:47:35 UTC] PHP Warning:  file_put_contents(/var/www/html/sankaqua2/wp-content/uploads/elementor/css/post-71.css): Failed to open stream: Permission denied in /var/www/html/sankaqua2/wp-content/plugins/elementor/core/files/base.php on line 194
[25-Oct-2024 04:47:36 UTC] PHP Warning:  imagepng(/var/www/html/sankaqua2/wp-content/uploads/elementor/thumbs/logo-SANKAQUA-qw2a3d4a2jszkdufps9yg58cp92dbgaiagv3k4ht1g.png): Failed to open stream: Permission denied in /var/www/html/sankaqua2/wp-includes/class-wp-image-editor.php on line 592
[25-Oct-2024 04:47:36 UTC] PHP Warning:  Trying to access array offset on value of type bool in /var/www/html/sankaqua2/wp-content/themes/hnice/inc/elementor/widgets/breadcrumb.php on line 246
[25-Oct-2024 04:47:37 UTC] PHP Warning:  imagepng(/var/www/html/sankaqua2/wp-content/uploads/elementor/thumbs/logo-SANKAQUA-qw2a3d4a2jszkdufps9yg58cp92dbgaiagv3k4ht1g.png): Failed to open stream: Permission denied in /var/www/html/sankaqua2/wp-includes/class-wp-image-editor.php on line 592
[25-Oct-2024 04:48:38 UTC] PHP Warning:  Trying to access array offset on value of type bool in /var/www/html/sankaqua2/wp-content/themes/hnice/inc/elementor/widgets/breadcrumb.php on line 246
[25-Oct-2024 04:48:42 UTC] PHP Warning:  Trying to access array offset on value of type bool in /var/www/html/sankaqua2/wp-content/themes/hnice/inc/elementor/widgets/breadcrumb.php on line 246
[25-Oct-2024 04:48:44 UTC] PHP Warning:  Trying to access array offset on value of type bool in /var/www/html/sankaqua2/wp-content/themes/hnice/inc/elementor/widgets/breadcrumb.php on line 246
[25-Oct-2024 04:49:22 UTC] PHP Warning:  Trying to access array offset on value of type bool in /var/www/html/sankaqua2/wp-content/themes/hnice/inc/elementor/widgets/breadcrumb.php on line 246
[25-Oct-2024 04:49:54 UTC] PHP Deprecated:  strpos(): Passing null to parameter #1 ($haystack) of type string is deprecated in /var/www/html/sankaqua2/wp-content/plugins/woocommerce/src/Internal/Admin/Orders/PageController.php on line 146
[25-Oct-2024 04:51:47 UTC] PHP Warning:  Trying to access array offset on value of type bool in /var/www/html/sankaqua2/wp-content/themes/hnice/inc/elementor/widgets/breadcrumb.php on line 246
[25-Oct-2024 04:51:54 UTC] PHP Warning:  Trying to access array offset on value of type bool in /var/www/html/sankaqua2/wp-content/themes/hnice/inc/elementor/widgets/breadcrumb.php on line 246
[25-Oct-2024 04:52:22 UTC] PHP Warning:  Trying to access array offset on value of type bool in /var/www/html/sankaqua2/wp-content/themes/hnice/inc/elementor/widgets/breadcrumb.php on line 246
[25-Oct-2024 04:54:21 UTC] PHP Warning:  Trying to access array offset on value of type bool in /var/www/html/sankaqua2/wp-content/themes/hnice/inc/elementor/widgets/breadcrumb.php on line 246
[25-Oct-2024 04:55:42 UTC] PHP Warning:  Trying to access array offset on value of type bool in /var/www/html/sankaqua2/wp-content/themes/hnice/inc/elementor/widgets/breadcrumb.php on line 246
